// Jest Snapshot v1, https://goo.gl/fbAQLP

exports[`<LoginModal /> should load the component in default state 1`] = `"<div class=\\"login-dialog\\"><div><div style=\\"z-index: 1013;\\" class=\\"el-dialog__wrapper\\"><div style=\\"top: 15%;\\" class=\\"el-dialog el-dialog--tiny\\"><div class=\\"el-dialog__header\\"><span class=\\"el-dialog__title\\">Login</span><button type=\\"button\\" class=\\"el-dialog__headerbtn\\"><i class=\\"el-dialog__close el-icon el-icon-close\\"></i></button></div><form class=\\"el-form el-form--label-right login-form\\"><div class=\\"el-dialog__body\\"><br><div class=\\"el-input\\"><input name=\\"username\\" placeholder=\\"Username\\" type=\\"text\\" class=\\"el-input__inner\\" autocomplete=\\"off\\" value=\\"\\"></div><br><br><div class=\\"el-input\\"><input name=\\"password\\" placeholder=\\"Type your password\\" type=\\"password\\" class=\\"el-input__inner\\" autocomplete=\\"off\\" value=\\"\\"></div></div><div class=\\"el-dialog__footer dialog-footer\\"><button class=\\"el-button el-button--default cancel-login-button\\" type=\\"button\\"><span>Cancel</span></button><button class=\\"el-button el-button--default login-button\\" type=\\"submit\\"><span>Login</span></button></div></form></div></div><div class=\\"v-modal\\" style=\\"z-index: 1012;\\"></div></div></div>"`;

exports[`<LoginModal /> should load the component with props 1`] = `"<div class=\\"login-dialog\\"><div><div style=\\"z-index: 1013;\\" class=\\"el-dialog__wrapper\\"><div style=\\"top: 15%;\\" class=\\"el-dialog el-dialog--tiny\\"><div class=\\"el-dialog__header\\"><span class=\\"el-dialog__title\\">Login</span><button type=\\"button\\" class=\\"el-dialog__headerbtn\\"><i class=\\"el-dialog__close el-icon el-icon-close\\"></i></button></div><form class=\\"el-form el-form--label-right login-form\\"><div class=\\"el-dialog__body\\"><div class=\\"el-alert el-alert--error\\"><i class=\\"el-alert__icon el-icon-circle-cross is-big\\"></i><div class=\\"el-alert__content\\"><span class=\\"el-alert__title is-bold\\">Error Title</span><p class=\\"el-alert__description\\">Error Description</p><i class=\\"el-alert__closebtn el-icon-close\\" style=\\"display: none;\\"></i></div></div><br><div class=\\"el-input\\"><input name=\\"username\\" placeholder=\\"Username\\" type=\\"text\\" class=\\"el-input__inner\\" autocomplete=\\"off\\" value=\\"\\"></div><br><br><div class=\\"el-input\\"><input name=\\"password\\" placeholder=\\"Type your password\\" type=\\"password\\" class=\\"el-input__inner\\" autocomplete=\\"off\\" value=\\"\\"></div></div><div class=\\"el-dialog__footer dialog-footer\\"><button class=\\"el-button el-button--default cancel-login-button\\" type=\\"button\\"><span>Cancel</span></button><button class=\\"el-button el-button--default login-button\\" type=\\"submit\\"><span>Login</span></button></div></form></div></div><div class=\\"v-modal\\" style=\\"z-index: 1012;\\"></div></div></div>"`;
